Microchip MPLAB XC8 Compiler V2.41

Linker command line:

-W-3 \
  --edf=C:\Program Files\Microchip\xc8\v2.41\pic\dat\20230208172133_en.msgs \
  -cn -h+dist/default/production\MC_project.X.production.sym \
  --cmf=dist/default/production\MC_project.X.production.cmf -z -Q16F877A \
  -oC:\Users\Dell\AppData\Local\Temp\xcAsal0.\driver_tmp_3.o \
  --defsym=__MPLAB_BUILD=1 --fixupoverflow=error \
  -Mdist/default/production/MC_project.X.production.map \
  --md=C:\Users\Dell\AppData\Local\Temp\xcAsal0.\driver_tmp_0.dat -E1 \
  -ver=XC8 Compiler --acfsm=1493 -ACODE=00h-07FFhx4 -ASTRCODE=00h-01FFFh \
  -ASTRING=00h-0FFhx32 -ACONST=00h-0FFhx32 -AENTRY=00h-0FFhx32 \
  -ACOMMON=070h-07Fh -ABANK0=020h-06Fh -ABANK1=0A0h-0EFh \
  -ABANK2=0110h-016Fh -ABANK3=0190h-01EFh \
  -ARAM=020h-06Fh,0A0h-0EFh,0110h-016Fh,0190h-01EFh \
  -AABS1=020h-07Fh,0A0h-0EFh,0110h-016Fh,0190h-01EFh -ASFR0=00h-01Fh \
  -ASFR1=080h-09Fh -ASFR2=0100h-010Fh -ASFR3=0180h-018Fh \
  -ACONFIG=02007h-02007h -DCONFIG=2 -AIDLOC=02000h-02003h -DIDLOC=2 \
  -AEEDATA=00h-0FFh/02100h -peeprom_data=EEDATA -DEEDATA=2 -DCODE=2 \
  -DSTRCODE=2 -DSTRING=2 -DCONST=2 -DENTRY=2 \
  -preset_vec=00h,intentry=04h,init,end_init -ppowerup=CODE -pcinit=CODE \
  -pfunctab=ENTRY -k \
  C:\Users\Dell\AppData\Local\Temp\xcAsal0.\driver_tmp_18.o \
  dist/default/production\MC_project.X.production.o 

Object code version is 3.11

Machine type is 16F877A



                Name                               Link     Load   Length Selector   Space Scale
C:\Users\Dell\AppData\Local\Temp\xcAsal0.\driver_tmp_18.o
                end_init                              E        E        3        8       0
                reset_vec                             0        0        3        0       0
                config                             2007     2007        1        0       4
                idloc                              2000     2000        4        0       5
dist/default/production\MC_project.X.production.o
                cinit                                11       11       54        8       0
                intentry                              4        4        A        8       0
                config                             2007     2007        1        0       4
                idloc                              2000     2000        4        0       5
                text61                             166B     166B       5F     2CD6       0
                text60                              E31      E31      1CF     1C62       0
                text59                              8BD      8BD       78     117A       0
                text58                             1418     1418       46     2830       0
                text57                             12E3     12E3       3A     25C6       0
                text56                              A34      A34       BA     1468       0
                text55                             1F99     1F99       20     3F32       0
                text54                             127C     127C       33     24F8       0
                text53                             1795     1795       6B     2F2A       0
                text52                             1E7C     1E7C        D     3CF8       0
                text51                             1FB9     1FB9       21     3F72       0
                text50                             1E20     1E20        9     3C40       0
                text49                             1E29     1E29        9     3C52       0
                text48                             1E45     1E45        B     3C8A       0
                text47                             1E50     1E50        B     3CA0       0
                text46                             11A2     11A2       2B     2344       0
                text45                              7DD      7DD       21        8       0
                text44                             1E89     1E89       12     3D12       0
                text43                             1EE5     1EE5       15     3DCA       0
                text42                             11CD     11CD       2B     239A       0
                text41                             160E     160E       5D     2C1C       0
                text40                             1223     1223       2C     2446       0
                text39                             1F5E     1F5E       1D     3EBC       0
                text38                              803      803       49     1006       0
                text37                             145E     145E       4D     28BC       0
                text36                              C73      C73      1BE     18E6       0
                text35                             1E11     1E11        7     3C22       0
                text34                             16CA     16CA       63     2D94       0
                text33                             1E5B     1E5B        B     3CB6       0
                text32                             1E0B     1E0B        6     3C16       0
                text31                             1F7B     1F7B       1E     3EF6       0
                text30                             1EBF     1EBF       13     3D7E       0
                text29                             172D     172D       68     2E5A       0
                text28                             12AF     12AF       34     255E       0
                text27                             1E66     1E66        B     3CCC       0
                text26                             1357     1357       3F     26AE       0
                text25                             131D     131D       3A     263A       0
                text24                             1EFA     1EFA       15     3DF4       0
                text23                             1E9B     1E9B       12     3D36       0
                text22                             1EAD     1EAD       12     3D5A       0
                text21                             1F0F     1F0F       17     3E1E       0
                text20                             124F     124F       2D     249E       0
                text19                             13D5     13D5       43     27AA       0
                text18                             14AB     14AB       56     2956       0
                text17                              84C      84C       71     1098       0
                text16                             1178     1178       2A     22F0       0
                text15                              4FA      4FA      200        8       0
                text14                             1F26     1F26       1C     3E4C       0
                text13                              2F4      2F4      206        8       0
                text12                             1396     1396       3F     272C       0
                text11                              935      935       79     126A       0
                text10                             11F8     11F8       2B     23F0       0
                text9                              1E71     1E71        B     3CE2       0
                text8                              1FDA     1FDA       26     3FB4       0
                text7                               AEE      AEE       BD     15DC       0
                text6                              15B3     15B3       5B     2B66       0
                text5                              1501     1501       58     2A02       0
                text4                                65       65      28F        8       0
                text3                               9AE      9AE       86     135C       0
                text2                               BAB      BAB       C8     1756       0
                text1                               6FA      6FA       E3        8       0
                maintext                           1559     1559       5A     2AB2       0
                cstackBANK0                          20       20       39       20       1
                cstackCOMMON                         70       70        8       70       1
                cstackBANK3                         1DC      1DC        5      190       1
                clrtext                            1E18     1E18        8     3C30       0
                inittext                           1ED2     1ED2       13     3DA4       0
                dataBANK3                           1C0      1C0       1C      190       1
                bssBANK3                            190      190       30      190       1
                dataBANK1                            E5       E5        9       A0       1
                bssBANK1                             A0       A0       45       A0       1
                dataBANK0                            65       65        A       20       1
                bssBANK0                             59       59        C       20       1
                dataCOMMON                           78       78        2       70       1
                bssCOMMON                            7A       7A        1       70       1
                stringtext                         1000     1000      176       20       0
                strings                            1800     1800       12     3000       0
                idataBANK3                         1F42     1F42       1C     3E84       0
                idataBANK1                         1E32     1E32        9     3C64       0
                idataBANK0                         1E3B     1E3B        A     3C76       0
                idataCOMMON                         7FE      7FE        2        8       0

TOTAL           Name                               Link     Load   Length     Space
        CLASS   CODE           
                end_init                              E        E        3         0
                cinit                                11       11       54         0
                intentry                              4        4        A         0
                reset_vec                             0        0        3         0
                text61                             166B     166B       5F         0
                text60                              E31      E31      1CF         0
                text59                              8BD      8BD       78         0
                text58                             1418     1418       46         0
                text57                             12E3     12E3       3A         0
                text56                              A34      A34       BA         0
                text55                             1F99     1F99       20         0
                text54                             127C     127C       33         0
                text53                             1795     1795       6B         0
                text52                             1E7C     1E7C        D         0
                text51                             1FB9     1FB9       21         0
                text50                             1E20     1E20        9         0
                text49                             1E29     1E29        9         0
                text48                             1E45     1E45        B         0
                text47                             1E50     1E50        B         0
                text46                             11A2     11A2       2B         0
                text45                              7DD      7DD       21         0
                text44                             1E89     1E89       12         0
                text43                             1EE5     1EE5       15         0
                text42                             11CD     11CD       2B         0
                text41                             160E     160E       5D         0
                text40                             1223     1223       2C         0
                text39                             1F5E     1F5E       1D         0
                text38                              803      803       49         0
                text37                             145E     145E       4D         0
                text36                              C73      C73      1BE         0
                text35                             1E11     1E11        7         0
                text34                             16CA     16CA       63         0
                text33                             1E5B     1E5B        B         0
                text32                             1E0B     1E0B        6         0
                text31                             1F7B     1F7B       1E         0
                text30                             1EBF     1EBF       13         0
                text29                             172D     172D       68         0
                text28                             12AF     12AF       34         0
                text27                             1E66     1E66        B         0
                text26                             1357     1357       3F         0
                text25                             131D     131D       3A         0
                text24                             1EFA     1EFA       15         0
                text23                             1E9B     1E9B       12         0
                text22                             1EAD     1EAD       12         0
                text21                             1F0F     1F0F       17         0
                text20                             124F     124F       2D         0
                text19                             13D5     13D5       43         0
                text18                             14AB     14AB       56         0
                text17                              84C      84C       71         0
                text16                             1178     1178       2A         0
                text15                              4FA      4FA      200         0
                text14                             1F26     1F26       1C         0
                text13                              2F4      2F4      206         0
                text12                             1396     1396       3F         0
                text11                              935      935       79         0
                text10                             11F8     11F8       2B         0
                text9                              1E71     1E71        B         0
                text8                              1FDA     1FDA       26         0
                text7                               AEE      AEE       BD         0
                text6                              15B3     15B3       5B         0
                text5                              1501     1501       58         0
                text4                                65       65      28F         0
                text3                               9AE      9AE       86         0
                text2                               BAB      BAB       C8         0
                text1                               6FA      6FA       E3         0
                maintext                           1559     1559       5A         0
                clrtext                            1E18     1E18        8         0
                inittext                           1ED2     1ED2       13         0
                idataBANK3                         1F42     1F42       1C         0
                idataBANK1                         1E32     1E32        9         0
                idataBANK0                         1E3B     1E3B        A         0
                idataCOMMON                         7FE      7FE        2         0

        CLASS   STRCODE        
                stringtext                         1000     1000      176         0

        CLASS   STRING         
                strings                            1800     1800       12         0

        CLASS   CONST          

        CLASS   ENTRY          

        CLASS   COMMON         
                cstackCOMMON                         70       70        8         1
                dataCOMMON                           78       78        2         1
                bssCOMMON                            7A       7A        1         1

        CLASS   BANK0          
                cstackBANK0                          20       20       39         1
                dataBANK0                            65       65        A         1
                bssBANK0                             59       59        C         1

        CLASS   BANK1          
                dataBANK1                            E5       E5        9         1
                bssBANK1                             A0       A0       45         1

        CLASS   BANK2          

        CLASS   BANK3          
                cstackBANK3                         1DC      1DC        5         1
                dataBANK3                           1C0      1C0       1C         1
                bssBANK3                            190      190       30         1

        CLASS   RAM            

        CLASS   ABS1           
                abs_s1                               7E       7E        2         1

        CLASS   SFR0           

        CLASS   SFR1           

        CLASS   SFR2           

        CLASS   SFR3           

        CLASS   CONFIG         
                config                             2007     2007        1         4

        CLASS   IDLOC          
                idloc                              2000     2000        4         5

        CLASS   EEDATA         

        CLASS   STACK          



SEGMENTS        Name                           Load    Length   Top    Selector   Space  Class     Delta

                reset_vec                      000000  000003  000003         0       0  CODE        2
                intentry                       000004  0007FC  000800         8       0  CODE        2
                cstackBANK0                    000020  00004F  00006F        20       1  BANK0       1
                cstackCOMMON                   000070  00000B  00007B        70       1  COMMON      1
                bssBANK1                       0000A0  00004E  0000EE        A0       1  BANK1       1
                bssBANK3                       000190  000051  0001E1       190       1  BANK3       1
                text38                         000803  000049  00084C      1006       0  CODE        2
                text17                         00084C  000071  0008BD      1098       0  CODE        2
                text59                         0008BD  000078  000935      117A       0  CODE        2
                text11                         000935  000079  0009AE      126A       0  CODE        2
                text3                          0009AE  000086  000A34      135C       0  CODE        2
                text56                         000A34  0000BA  000AEE      1468       0  CODE        2
                text7                          000AEE  0000BD  000BAB      15DC       0  CODE        2
                text2                          000BAB  0000C8  000C73      1756       0  CODE        2
                text36                         000C73  0001BE  000E31      18E6       0  CODE        2
                text60                         000E31  0001CF  001000      1C62       0  CODE        2
                stringtext                     001000  000176  001176        20       0  STRCODE     2
                text16                         001178  00002A  0011A2      22F0       0  CODE        2
                text46                         0011A2  00002B  0011CD      2344       0  CODE        2
                text42                         0011CD  00002B  0011F8      239A       0  CODE        2
                text10                         0011F8  00002B  001223      23F0       0  CODE        2
                text40                         001223  00002C  00124F      2446       0  CODE        2
                text20                         00124F  00002D  00127C      249E       0  CODE        2
                text54                         00127C  000033  0012AF      24F8       0  CODE        2
                text28                         0012AF  000034  0012E3      255E       0  CODE        2
                text57                         0012E3  00003A  00131D      25C6       0  CODE        2
                text25                         00131D  00003A  001357      263A       0  CODE        2
                text26                         001357  00003F  001396      26AE       0  CODE        2
                text12                         001396  00003F  0013D5      272C       0  CODE        2
                text19                         0013D5  000043  001418      27AA       0  CODE        2
                text58                         001418  000046  00145E      2830       0  CODE        2
                text37                         00145E  00004D  0014AB      28BC       0  CODE        2
                text18                         0014AB  000056  001501      2956       0  CODE        2
                text5                          001501  000058  001559      2A02       0  CODE        2
                maintext                       001559  00005A  0015B3      2AB2       0  CODE        2
                text6                          0015B3  00005B  00160E      2B66       0  CODE        2
                text41                         00160E  00005D  00166B      2C1C       0  CODE        2
                text61                         00166B  00005F  0016CA      2CD6       0  CODE        2
                text34                         0016CA  000063  00172D      2D94       0  CODE        2
                text29                         00172D  000068  001795      2E5A       0  CODE        2
                text53                         001795  00006B  001800      2F2A       0  CODE        2
                strings                        001800  000012  001812      3000       0  STRING      2
                text32                         001E0B  000006  001E11      3C16       0  CODE        2
                text35                         001E11  000007  001E18      3C22       0  CODE        2
                clrtext                        001E18  000008  001E20      3C30       0  CODE        2
                text50                         001E20  000009  001E29      3C40       0  CODE        2
                text49                         001E29  000009  001E32      3C52       0  CODE        2
                idataBANK1                     001E32  000009  001E3B      3C64       0  CODE        2
                idataBANK0                     001E3B  00000A  001E45      3C76       0  CODE        2
                text48                         001E45  00000B  001E50      3C8A       0  CODE        2
                text47                         001E50  00000B  001E5B      3CA0       0  CODE        2
                text33                         001E5B  00000B  001E66      3CB6       0  CODE        2
                text27                         001E66  00000B  001E71      3CCC       0  CODE        2
                text9                          001E71  00000B  001E7C      3CE2       0  CODE        2
                text52                         001E7C  00000D  001E89      3CF8       0  CODE        2
                text44                         001E89  000012  001E9B      3D12       0  CODE        2
                text23                         001E9B  000012  001EAD      3D36       0  CODE        2
                text22                         001EAD  000012  001EBF      3D5A       0  CODE        2
                text30                         001EBF  000013  001ED2      3D7E       0  CODE        2
                inittext                       001ED2  000013  001EE5      3DA4       0  CODE        2
                text43                         001EE5  000015  001EFA      3DCA       0  CODE        2
                text24                         001EFA  000015  001F0F      3DF4       0  CODE        2
                text21                         001F0F  000017  001F26      3E1E       0  CODE        2
                text14                         001F26  00001C  001F42      3E4C       0  CODE        2
                idataBANK3                     001F42  00001C  001F5E      3E84       0  CODE        2
                text39                         001F5E  00001D  001F7B      3EBC       0  CODE        2
                text31                         001F7B  00001E  001F99      3EF6       0  CODE        2
                text55                         001F99  000020  001FB9      3F32       0  CODE        2
                text51                         001FB9  000021  001FDA      3F72       0  CODE        2
                text8                          001FDA  000026  002000      3FB4       0  CODE        2


UNUSED ADDRESS RANGES

        Name                Unused          Largest block    Delta
        BANK0            006F-006F              1           1
        BANK1            00EE-00EF              2           1
        BANK2            0110-016F             60           1
        BANK3            01E1-01EF              F           1
        CODE             0003-0003              1           2
                         0800-0802              3
                         1176-1177              2
                         1812-1E0A            5F9
        COMMON           007B-007D              3           1
        CONST            0003-0003              1           2
                         0800-0802              3
                         1176-1177              2
                         1812-1E0A            100
        EEDATA           2100-21FF            100           2
        ENTRY            0003-0003              1           2
                         0800-0802              3
                         1176-1177              2
                         1812-1E0A            100
        RAM              006F-006F              1           1
                         00EE-00EF              2
                         0110-016F             60
                         01E1-01EF              F
        SFR0             0000-001F             20           1
        SFR1             0080-009F             20           1
        SFR2             0100-010F             10           1
        SFR3             0180-018F             10           1
        STRCODE          0003-0003              1           2
                         0800-0802              3
                         1176-1177              2
                         1812-1E0A            5F9
        STRING           0003-0003              1           2
                         0800-0802              3
                         1176-1177              2
                         1812-1E0A            100

                                  Symbol Table

?___awmod                        cstackCOMMON 0073
?___fldiv                        cstackBANK0  002E
?___fltol                        cstackBANK0  0048
?___lldiv                        cstackBANK0  0020
?___llmod                        cstackBANK0  0020
?___lwdiv                        cstackCOMMON 0073
?___lwmod                        cstackCOMMON 0073
?___wmul                         cstackCOMMON 0073
?___xxtofl                       cstackBANK0  0020
?_my_strcmp                      cstackCOMMON 0073
?_read_adc                       cstackCOMMON 0073
_ACKDT                           (abs)        048D
_ACKEN                           (abs)        048C
_ACKSTAT                         (abs)        048E
_ADFM                            (abs)        04FF
_ADON                            (abs)        00F8
_ADRESH                          (abs)        001E
_ADRESL                          (abs)        009E
_BRGH                            (abs)        04C2
_CREN                            (abs)        00C4
_EEADR                           (abs)        010D
_EECON1                          (abs)        018C
_EECON1bits                      (abs)        018C
_EECON2                          (abs)        018D
_EEDATA                          (abs)        010C
_GIE                             (abs)        005F
_GO                              (abs)        00FA
_INTCONbits                      (abs)        000B
_PEIE                            (abs)        005E
_PEN                             (abs)        048A
_PORTB                           (abs)        0006
_PORTD                           (abs)        0008
_PSA                             (abs)        040B
_RCEN                            (abs)        048B
_RCIE                            (abs)        0465
_RCIF                            (abs)        0065
_RCREG                           (abs)        001A
_RE1                             (abs)        0049
_RE2                             (abs)        004A
_R_nW                            (abs)        04A2
_SEN                             (abs)        0488
_SPBRG                           (abs)        0099
_SPEN                            (abs)        00C7
_SSPADD                          (abs)        0093
_SSPBUF                          (abs)        0013
_SSPCON2                         (abs)        0091
_SSPEN                           (abs)        00A5
_SSPM3                           (abs)        00A3
_STATUSbits                      (abs)        0003
_SYNC                            (abs)        04C4
_T0CS                            (abs)        040D
_TMR0                            (abs)        0001
_TMR0IE                          (abs)        005D
_TMR0IF                          (abs)        005A
_TRISB                           (abs)        0086
_TRISD                           (abs)        0088
_TRISE1                          (abs)        0449
_TRISE2                          (abs)        044A
_TXEN                            (abs)        04C5
_TXIE                            (abs)        0464
_TXIF                            (abs)        0064
_TXREG                           (abs)        0019
__H__absolute__                  __absolute__ 0000
__Habs1                          abs1         0000
__Hbank0                         bank0        0000
__Hbank1                         bank1        0000
__Hbank2                         bank2        0000
__Hbank3                         bank3        0000
__HbssBANK0                      bssBANK0     0000
__HbssBANK1                      bssBANK1     0000
__HbssBANK3                      bssBANK3     0000
__HbssCOMMON                     bssCOMMON    0000
__Hcinit                         cinit        0065
__Hclrtext                       clrtext      0000
__Hcode                          code         0000
__Hcommon                        common       0000
__Hconfig                        config       2008
__HcstackBANK0                   cstackBANK0  0000
__HcstackBANK3                   cstackBANK3  0000
__HcstackCOMMON                  cstackCOMMON 0000
__HdataBANK0                     dataBANK0    0000
__HdataBANK1                     dataBANK1    0000
__HdataBANK3                     dataBANK3    0000
__HdataCOMMON                    dataCOMMON   0000
__Heeprom_data                   eeprom_data  0000
__Hend_init                      end_init     0011
__Hfunctab                       functab      0000
__HidataBANK0                    idataBANK0   0000
__HidataBANK1                    idataBANK1   0000
__HidataBANK3                    idataBANK3   0000
__HidataCOMMON                   idataCOMMON  0000
__Hidloc                         idloc        2004
__Hinit                          init         000E
__Hinittext                      inittext     0000
__Hintentry                      intentry     000E
__Hmaintext                      maintext     0000
__Hpowerup                       powerup      0000
__Hram                           ram          0000
__Hreset_vec                     reset_vec    0003
__Hsfr0                          sfr0         0000
__Hsfr1                          sfr1         0000
__Hsfr2                          sfr2         0000
__Hsfr3                          sfr3         0000
__Hspace_0                       (abs)        2000
__Hspace_1                       (abs)        01E1
__Hspace_2                       (abs)        0000
__Hspace_3                       (abs)        0000
__Hspace_4                       (abs)        400F
__Hstack                         stack        0000
__Hstrings                       strings      0000
__Hstringtext                    stringtext   0000
__Htext                          text         0000
__L__absolute__                  __absolute__ 0000
__Labs1                          abs1         0000
__Lbank0                         bank0        0000
__Lbank1                         bank1        0000
__Lbank2                         bank2        0000
__Lbank3                         bank3        0000
__LbssBANK0                      bssBANK0     0000
__LbssBANK1                      bssBANK1     0000
__LbssBANK3                      bssBANK3     0000
__LbssCOMMON                     bssCOMMON    0000
__Lcinit                         cinit        0011
__Lclrtext                       clrtext      0000
__Lcode                          code         0000
__Lcommon                        common       0000
__Lconfig                        config       0000
__LcstackBANK0                   cstackBANK0  0000
__LcstackBANK3                   cstackBANK3  0000
__LcstackCOMMON                  cstackCOMMON 0000
__LdataBANK0                     dataBANK0    0000
__LdataBANK1                     dataBANK1    0000
__LdataBANK3                     dataBANK3    0000
__LdataCOMMON                    dataCOMMON   0000
__Leeprom_data                   eeprom_data  0000
__Lend_init                      end_init     000E
__Lfunctab                       functab      0000
__LidataBANK0                    idataBANK0   0000
__LidataBANK1                    idataBANK1   0000
__LidataBANK3                    idataBANK3   0000
__LidataCOMMON                   idataCOMMON  0000
__Lidloc                         idloc        0000
__Linit                          init         000E
__Linittext                      inittext     0000
__Lintentry                      intentry     0004
__Lmaintext                      maintext     0000
__Lpowerup                       powerup      0000
__Lram                           ram          0000
__Lreset_vec                     reset_vec    0000
__Lsfr0                          sfr0         0000
__Lsfr1                          sfr1         0000
__Lsfr2                          sfr2         0000
__Lsfr3                          sfr3         0000
__Lspace_0                       (abs)        0000
__Lspace_1                       (abs)        0000
__Lspace_2                       (abs)        0000
__Lspace_3                       (abs)        0000
__Lspace_4                       (abs)        0000
__Lstack                         stack        0000
__Lstrings                       strings      0000
__Lstringtext                    stringtext   0000
__Ltext                          text         0000
__S0                             (abs)        2000
__S1                             (abs)        01E1
__S3                             (abs)        0000
___awmod                         text6        15B3
___awmod@counter                 cstackBANK0  0020
___awmod@dividend                cstackCOMMON 0075
___awmod@divisor                 cstackCOMMON 0073
___awmod@sign                    cstackBANK0  0021
___bmul                          text43       1EE5
___bmul@multiplicand             cstackCOMMON 0073
___bmul@multiplier               cstackCOMMON 0075
___bmul@product                  cstackCOMMON 0074
___fldiv                         text60       0E31
___fldiv@a                       cstackBANK0  002E
___fldiv@aexp                    cstackBANK0  0047
___fldiv@b                       cstackBANK0  0032
___fldiv@bexp                    cstackBANK0  0046
___fldiv@grs                     cstackBANK0  0042
___fldiv@new_exp                 cstackBANK0  0040
___fldiv@rem                     cstackBANK0  003B
___fldiv@sign                    cstackBANK0  003F
___fltol                         text59       08BD
___fltol@exp1                    cstackBANK0  0051
___fltol@f1                      cstackBANK0  0048
___fltol@sign1                   cstackBANK0  0050
___int_sp                        stack        0000
___latbits                       (abs)        0002
___lldiv                         text29       172D
___lldiv@counter                 cstackBANK0  002C
___lldiv@dividend                cstackBANK0  0024
___lldiv@divisor                 cstackBANK0  0020
___lldiv@quotient                cstackBANK0  0028
___llmod                         text18       14AB
___llmod@counter                 cstackCOMMON 0074
___llmod@dividend                cstackBANK0  0024
___llmod@divisor                 cstackBANK0  0020
___lwdiv                         text58       1418
___lwdiv@counter                 cstackBANK0  0020
___lwdiv@dividend                cstackCOMMON 0075
___lwdiv@divisor                 cstackCOMMON 0073
___lwdiv@quotient                cstackBANK0  0021
___lwmod                         text57       12E3
___lwmod@counter                 cstackCOMMON 0077
___lwmod@dividend                cstackCOMMON 0075
___lwmod@divisor                 cstackCOMMON 0073
___sp                            stack        0000
___stackhi                       (abs)        0000
___stacklo                       (abs)        0000
___wmul                          text42       11CD
___wmul@multiplicand             cstackCOMMON 0075
___wmul@multiplier               cstackCOMMON 0073
___wmul@product                  cstackBANK0  0020
___xxtofl                        text56       0A34
___xxtofl@arg                    cstackBANK0  002A
___xxtofl@exp                    cstackBANK0  0029
___xxtofl@sign                   cstackBANK0  0028
___xxtofl@val                    cstackBANK0  0020
__end_of___awmod                 text6        160E
__end_of___bmul                  text43       1EFA
__end_of___fldiv                 text60       1000
__end_of___fltol                 text59       0935
__end_of___lldiv                 text29       1795
__end_of___llmod                 text18       1501
__end_of___lwdiv                 text58       145E
__end_of___lwmod                 text57       131D
__end_of___wmul                  text42       11F8
__end_of___xxtofl                text56       0AEE
__end_of__initialization         cinit        0061
__end_of__stringtab              strings      1812
__end_of_change_psswd            text13       04FA
__end_of_clcd_print              text54       12AF
__end_of_clcd_putch              text24       1F0F
__end_of_clcd_write              text55       1FB9
__end_of_clear_arr               text23       1EAD
__end_of_clear_clcd              text22       1EBF
__end_of_clear_log               text12       13D5
__end_of_dashboard               text36       0E31
__end_of_display_menu            text11       09AE
__end_of_display_time            text53       1800
__end_of_download                text7        0BAB
__end_of_eeprom_read             text21       1F26
__end_of_eeprom_write            text20       127C
__end_of_ext_eeprom_read         text10       1223
__end_of_ext_eeprom_write        text41       166B
__end_of_get_time                text45       07FE
__end_of_i2c_read                text51       1FDA
__end_of_i2c_rep_start           text48       1E50
__end_of_i2c_start               text50       1E29
__end_of_i2c_stop                text49       1E32
__end_of_i2c_wait_for_idle       text52       1E89
__end_of_i2c_write               text47       1E5B
__end_of_init_adc                text35       1E18
__end_of_init_clcd               text33       1E66
__end_of_init_config             text25       1357
__end_of_init_digital_keypad     text32       1E11
__end_of_init_display_controller text34       172D
__end_of_init_ds1307             text30       1ED2
__end_of_init_i2c                text28       12E3
__end_of_init_timer              text27       1E71
__end_of_init_uart               text26       1396
__end_of_isr                     text61       16CA
__end_of_login                   text15       06FA
__end_of_main                    maintext     15B3
__end_of_menu                    text1        07DD
__end_of_my_strcmp               text19       1418
__end_of_print_sec               text17       08BD
__end_of_putchar                 text9        1E7C
__end_of_puts                    text8        2000
__end_of_read_adc                text44       1E9B
__end_of_read_digital_keypad     text16       11A2
__end_of_read_ds1307             text46       11CD
__end_of_set_time                text4        02F4
__end_of_view_log_events         text3        0A34
__end_of_view_logs               text2        0C73
__end_of_write_ds1307            text31       1F99
__end_of_write_event             text40       124F
__end_of_write_event_log         text37       14AB
__end_of_write_password          text14       1F42
__end_of_write_speed             text39       1F7B
__end_of_write_time              text38       084C
__end_of_write_time_rtc          text5        1559
__initialization                 cinit        0011
__pbssBANK0                      bssBANK0     0059
__pbssBANK1                      bssBANK1     00A0
__pbssBANK3                      bssBANK3     0190
__pbssCOMMON                     bssCOMMON    007A
__pcstackBANK0                   cstackBANK0  0020
__pcstackBANK3                   cstackBANK3  01DC
__pcstackCOMMON                  cstackCOMMON 0070
__pdataBANK0                     dataBANK0    0065
__pdataBANK1                     dataBANK1    00E5
__pdataBANK3                     dataBANK3    01C0
__pdataCOMMON                    dataCOMMON   0078
__pidataBANK0                    idataBANK0   1E3B
__pidataBANK1                    idataBANK1   1E32
__pidataBANK3                    idataBANK3   1F42
__pidataCOMMON                   idataCOMMON  07FE
__pintentry                      intentry     0004
__pmaintext                      maintext     1559
__pstrings                       strings      1800
__pstringtext                    stringtext   1000
__ptext1                         text1        06FA
__ptext10                        text10       11F8
__ptext11                        text11       0935
__ptext12                        text12       1396
__ptext13                        text13       02F4
__ptext14                        text14       1F26
__ptext15                        text15       04FA
__ptext16                        text16       1178
__ptext17                        text17       084C
__ptext18                        text18       14AB
__ptext19                        text19       13D5
__ptext2                         text2        0BAB
__ptext20                        text20       124F
__ptext21                        text21       1F0F
__ptext22                        text22       1EAD
__ptext23                        text23       1E9B
__ptext24                        text24       1EFA
__ptext25                        text25       131D
__ptext26                        text26       1357
__ptext27                        text27       1E66
__ptext28                        text28       12AF
__ptext29                        text29       172D
__ptext3                         text3        09AE
__ptext30                        text30       1EBF
__ptext31                        text31       1F7B
__ptext32                        text32       1E0B
__ptext33                        text33       1E5B
__ptext34                        text34       16CA
__ptext35                        text35       1E11
__ptext36                        text36       0C73
__ptext37                        text37       145E
__ptext38                        text38       0803
__ptext39                        text39       1F5E
__ptext4                         text4        0065
__ptext40                        text40       1223
__ptext41                        text41       160E
__ptext42                        text42       11CD
__ptext43                        text43       1EE5
__ptext44                        text44       1E89
__ptext45                        text45       07DD
__ptext46                        text46       11A2
__ptext47                        text47       1E50
__ptext48                        text48       1E45
__ptext49                        text49       1E29
__ptext5                         text5        1501
__ptext50                        text50       1E20
__ptext51                        text51       1FB9
__ptext52                        text52       1E7C
__ptext53                        text53       1795
__ptext54                        text54       127C
__ptext55                        text55       1F99
__ptext56                        text56       0A34
__ptext57                        text57       12E3
__ptext58                        text58       1418
__ptext59                        text59       08BD
__ptext6                         text6        15B3
__ptext60                        text60       0E31
__ptext61                        text61       166B
__ptext7                         text7        0AEE
__ptext8                         text8        1FDA
__ptext9                         text9        1E71
__stringbase                     strings      1812
__stringtab                      strings      1800
_addr                            bssBANK1     00BC
_change_psswd                    text13       02F4
_clcd_print                      text54       127C
_clcd_putch                      text24       1EFA
_clcd_write                      text55       1F99
_clear_arr                       text23       1E9B
_clear_clcd                      text22       1EAD
_clear_log                       text12       1396
_clock_reg                       bssBANK1     00E2
_clock_write                     bssBANK1     00B9
_count2                          bssBANK1     00B2
_dash_flag                       dataBANK0    006C
_dashboard                       text36       0C73
_display_menu                    text11       0935
_display_time                    text53       1795
_download                        text7        0AEE
_download_log                    bssBANK3     0190
_eeprom_read                     text21       1F0F
_eeprom_write                    text20       124F
_event_10                        dataBANK0    0065
_event_count                     dataBANK0    006D
_event_log                       bssBANK3     01B1
_events                          dataBANK3    01C0
_ext_eeprom_read                 text10       11F8
_ext_eeprom_write                text41       160E
_get_time                        text45       07DD
_i2c_read                        text51       1FB9
_i2c_rep_start                   text48       1E45
_i2c_start                       text50       1E20
_i2c_stop                        text49       1E29
_i2c_wait_for_idle               text52       1E7C
_i2c_write                       text47       1E50
_ind                             bssBANK1     00CA
_ind@download$F463               bssBANK1     00C6
_index                           bssCOMMON    007A
_init_adc                        text35       1E11
_init_clcd                       text33       1E5B
_init_config                     text25       131D
_init_digital_keypad             text32       1E0B
_init_display_controller         text34       16CA
_init_ds1307                     text30       1EBF
_init_i2c                        text28       12AF
_init_timer                      text27       1E66
_init_uart                       text26       1357
_isr                             text61       166B
_login                           text15       04FA
_main                            maintext     1559
_menu                            text1        06FA
_menu_select                     bssBANK0     005E
_my_strcmp                       text19       13D5
_nDONE                           (abs)        00FA
_no_event                        dataBANK0    006B
_option_menu                     dataBANK3    01D2
_passwd_read                     dataBANK0    006A
_passwd_reset                    bssBANK0     0061
_password                        bssBANK1     00D9
_print_sec                       text17       084C
_putchar                         text9        1E71
_puts                            text8        1FDA
_pwd_success                     bssBANK0     0064
_read_adc                        text44       1E89
_read_digital_keypad             text16       1178
_read_ds1307                     text46       11A2
_set_time                        text4        0065
_set_time_flag                   bssBANK0     005F
_speed                           bssBANK1     00DE
_time                            bssBANK1     00CB
_timer_flag                      bssBANK0     0062
_view_log                        bssBANK3     01A1
_view_log_events                 text3        09AE
_view_logs                       text2        0BAB
_write_ds1307                    text31       1F7B
_write_event                     text40       1223
_write_event_log                 text37       145E
_write_password                  text14       1F26
_write_speed                     text39       1F5E
_write_time                      text38       0803
_write_time_rtc                  text5        1501
btemp                            (abs)        007E
change_psswd@attempt             cstackBANK0  0026
change_psswd@blink_flag          cstackBANK0  0038
change_psswd@blink_pos           cstackBANK0  003B
change_psswd@confirm             cstackBANK0  002A
change_psswd@confirm_flag        cstackBANK0  0034
change_psswd@index               cstackBANK0  0039
change_psswd@key                 cstackBANK0  0037
change_psswd@user                cstackBANK0  002F
change_psswd@wait                cstackBANK0  0035
change_psswd@wait2               cstackBANK0  0028
clcd_print@addr                  cstackBANK0  0022
clcd_print@str                   cstackBANK0  0020
clcd_putch@addr                  cstackCOMMON 0077
clcd_putch@data                  cstackBANK0  0020
clcd_write@byte                  cstackCOMMON 0076
clcd_write@mode                  cstackCOMMON 0073
clear_arr@arr                    cstackCOMMON 0073
clear_ram0                       clrtext      1E18
dashboard@event_key              cstackBANK3  01DE
dashboard@i                      bssBANK0     0063
dashboard@j                      cstackBANK3  01DF
dashboard@reg                    cstackBANK3  01DC
display_menu@menu                cstackBANK0  0027
display_menu@menu_select         cstackBANK0  0023
display_time@clock_reg           cstackBANK0  0023
download@i                       cstackBANK0  0026
download@index                   cstackBANK0  0028
eeprom_read@addr                 cstackCOMMON 0073
eeprom_write@addr                cstackCOMMON 0074
eeprom_write@value               cstackCOMMON 0073
end_of_initialization            cinit        0061
ext_eeprom_read@addr             cstackCOMMON 0075
ext_eeprom_read@data             cstackCOMMON 0076
ext_eeprom_write@event_log       cstackBANK0  0022
ext_eeprom_write@i               cstackBANK0  0023
get_time@clock_reg               cstackCOMMON 0077
i2c_read@ack                     cstackCOMMON 0073
i2c_read@data                    cstackCOMMON 0074
i2c_write@data                   cstackCOMMON 0073
init_ds1307@dummy                cstackCOMMON 0077
init_fetch0                      inittext     1ED2
init_i2c@baud                    cstackBANK0  002D
init_ram0                        inittext     1ED6
init_uart@baud                   cstackBANK0  002D
interrupt_function               intentry     0004
intlevel0                        functab      0000
intlevel1                        functab      0000
intlevel2                        functab      0000
intlevel3                        functab      0000
intlevel4                        functab      0000
intlevel5                        functab      0000
isr@count                        bssBANK1     00AA
login@attempt                    bssBANK1     00C4
login@blink_flag                 dataBANK0    0069
login@blink_pos                  dataBANK0    0068
login@i                          cstackBANK0  003D
login@index                      bssBANK0     0059
login@key                        cstackBANK0  003C
login@no_attempt_left            dataBANK1    00E8
login@passwd_flag                bssBANK0     0060
login@user                       bssBANK1     00D4
login@wait                       bssBANK1     00C2
main@key                         cstackBANK0  0058
menu@dkp4_press                  bssBANK1     00C0
menu@dkp5_press                  bssBANK1     00BE
menu@long_press1                 dataBANK0    0067
menu@long_press2                 dataCOMMON   0078
menu@scroll_key                  bssBANK0     005D
my_strcmp@str1                   cstackCOMMON 0077
my_strcmp@str2                   cstackCOMMON 0073
print_sec@count                  cstackBANK0  002D
print_sec@i                      cstackBANK0  0036
print_sec@pos                    cstackBANK0  0035
print_sec@sec                    cstackBANK0  0031
putchar@data                     cstackCOMMON 0073
puts@s                           cstackCOMMON 0074
read_adc@adc_reg_val             cstackCOMMON 0075
read_digital_keypad@mode         cstackCOMMON 0074
read_digital_keypad@once         dataCOMMON   0079
read_ds1307@addr                 cstackCOMMON 0075
read_ds1307@data                 cstackCOMMON 0076
reset_vec                        reset_vec    0000
saved_w                          (abs)        007E
set_time@F64                     dataBANK1    00E5
set_time@blink                   cstackBANK0  002A
set_time@blink_pos               cstackBANK0  003C
set_time@flag                    cstackBANK0  003B
set_time@key_press1              cstackBANK0  0035
set_time@key_press2              cstackBANK0  0031
set_time@long_press1             cstackBANK0  0039
set_time@long_press2             cstackBANK0  003A
set_time@time_digit              cstackBANK0  003E
set_time@time_field              cstackBANK0  0027
set_time@time_key                cstackBANK0  003D
set_time@wait                    cstackBANK0  002D
start                            init         000E
start_initialization             cinit        0011
view_log_events@i                cstackBANK0  0025
view_log_events@log_no           cstackBANK0  0027
view_logs@log_key                bssBANK0     005B
view_logs@log_no                 bssBANK0     005C
view_logs@long_press1            dataBANK1    00ED
view_logs@long_press2            dataBANK1    00EC
view_logs@press4                 bssBANK1     00C9
view_logs@press5                 bssBANK1     00C8
write_ds1307@addr                cstackCOMMON 0075
write_ds1307@data                cstackCOMMON 0074
write_event@event                cstackCOMMON 0073
write_event_log@i                cstackCOMMON 0077
write_password@ind               cstackCOMMON 0076
write_password@str               cstackCOMMON 0075
write_speed@speed                cstackCOMMON 0073
write_time@clock_reg             cstackCOMMON 0074
wtemp0                           (abs)        007E


MODULE INFORMATION

Module		Function		Class		Link	Load	Size
password.c
		_write_password		CODE           	1F26	0000	28
		_change_psswd  		CODE           	02F4	0000	518

password.c estimated size: 546

C:\Program Files\Microchip\xc8\v2.41\pic\sources\c90\common\sprcdiv.c
		___fldiv       		CODE           	0E31	0000	463

C:\Program Files\Microchip\xc8\v2.41\pic\sources\c90\common\sprcdiv.c estimated size: 463

login.c
		_my_strcmp     		CODE           	13D5	0000	67
		_clear_arr     		CODE           	1E9B	0000	18
		_print_sec     		CODE           	084C	0000	113
		_login         		CODE           	04FA	0000	512

login.c estimated size: 710

digital_keypad.c
		_init_digital_keypad		CODE           	1E0B	0000	6
		_read_digital_keypad		CODE           	1178	0000	42

digital_keypad.c estimated size: 48

timer_1.c
		_init_timer    		CODE           	1E66	0000	11

timer_1.c estimated size: 11

uart.c
		_init_uart     		CODE           	1357	0000	63
		_puts          		CODE           	1FDA	0000	38
		_putchar       		CODE           	1E71	0000	11

uart.c estimated size: 112

C:\Program Files\Microchip\xc8\v2.41\pic\sources\c90\common\Umul16.c
		___wmul        		CODE           	11CD	0000	43

C:\Program Files\Microchip\xc8\v2.41\pic\sources\c90\common\Umul16.c estimated size: 43

C:\Program Files\Microchip\xc8\v2.41\pic\sources\c90\common\lwdiv.c
		___lwdiv       		CODE           	1418	0000	70

C:\Program Files\Microchip\xc8\v2.41\pic\sources\c90\common\lwdiv.c estimated size: 70

C:\Program Files\Microchip\xc8\v2.41\pic\sources\c90\common\fltol.c
		___fltol       		CODE           	08BD	0000	120

C:\Program Files\Microchip\xc8\v2.41\pic\sources\c90\common\fltol.c estimated size: 120

C:\Program Files\Microchip\xc8\v2.41\pic\sources\c90\common\__lldiv.c
		___lldiv       		CODE           	172D	0000	104

C:\Program Files\Microchip\xc8\v2.41\pic\sources\c90\common\__lldiv.c estimated size: 104

C:\Program Files\Microchip\xc8\v2.41\pic\sources\c90\pic\__eeread.c
		_eeprom_read   		CODE           	1F0F	0000	23

C:\Program Files\Microchip\xc8\v2.41\pic\sources\c90\pic\__eeread.c estimated size: 23

i2c.c
		_i2c_start     		CODE           	1E20	0000	9
		_i2c_rep_start 		CODE           	1E45	0000	11
		_i2c_write     		CODE           	1E50	0000	11
		_i2c_stop      		CODE           	1E29	0000	9
		_i2c_read      		CODE           	1FB9	0000	33
		_init_i2c      		CODE           	12AF	0000	52
		_i2c_wait_for_idle		CODE           	1E7C	0000	13

i2c.c estimated size: 138

C:\Program Files\Microchip\xc8\v2.41\pic\sources\c90\common\Umul8.c
		___bmul        		CODE           	1EE5	0000	21

C:\Program Files\Microchip\xc8\v2.41\pic\sources\c90\common\Umul8.c estimated size: 21

dashboard.c
		_display_time  		CODE           	1795	0000	107
		_get_time      		CODE           	07DD	0000	33
		_dashboard     		CODE           	0C73	0000	446

dashboard.c estimated size: 586

ds1307.c
		_read_ds1307   		CODE           	11A2	0000	43
		_write_ds1307  		CODE           	1F7B	0000	30
		_init_ds1307   		CODE           	1EBF	0000	19

ds1307.c estimated size: 92

C:\Program Files\Microchip\xc8\v2.41\pic\sources\c90\pic\__eewrite.c
		_eeprom_write  		CODE           	124F	0000	45

C:\Program Files\Microchip\xc8\v2.41\pic\sources\c90\pic\__eewrite.c estimated size: 45

adc.c
		_init_adc      		CODE           	1E11	0000	7
		_read_adc      		CODE           	1E89	0000	18

adc.c estimated size: 25

clear_log.c
		_clear_log     		CODE           	1396	0000	63

clear_log.c estimated size: 63

C:\Program Files\Microchip\xc8\v2.41\pic\sources\c90\common\xxtofl.c
		___xxtofl      		CODE           	0A34	0000	186

C:\Program Files\Microchip\xc8\v2.41\pic\sources\c90\common\xxtofl.c estimated size: 186

isr.c
		_isr           		CODE           	166B	0000	95

isr.c estimated size: 95

shared
		__stringtab    		STRING         	1800	0000	18
		__initialization		CODE           	0011	0000	80

shared estimated size: 98

clcd.c
		_clcd_write    		CODE           	1F99	0000	32
		_clear_clcd    		CODE           	1EAD	0000	18
		_clcd_print    		CODE           	127C	0000	51
		_clcd_putch    		CODE           	1EFA	0000	21
		_init_display_controller		CODE           	16CA	0000	99
		_init_clcd     		CODE           	1E5B	0000	11

clcd.c estimated size: 232

download.c
		_download      		CODE           	0AEE	0000	189

download.c estimated size: 189

menu.c
		_menu          		CODE           	06FA	0000	227
		_display_menu  		CODE           	0935	0000	121

menu.c estimated size: 348

set_time.c
		_write_time_rtc		CODE           	1501	0000	88
		_set_time      		CODE           	0065	0000	655

set_time.c estimated size: 743

C:\Program Files\Microchip\xc8\v2.41\pic\sources\c90\common\lwmod.c
		___lwmod       		CODE           	12E3	0000	58

C:\Program Files\Microchip\xc8\v2.41\pic\sources\c90\common\lwmod.c estimated size: 58

ext_eeprom.c
		_write_time    		CODE           	0803	0000	73
		_ext_eeprom_write		CODE           	160E	0000	93
		_write_event_log		CODE           	145E	0000	77
		_write_speed   		CODE           	1F5E	0000	29
		_ext_eeprom_read		CODE           	11F8	0000	43
		_write_event   		CODE           	1223	0000	44

ext_eeprom.c estimated size: 359

C:\Program Files\Microchip\xc8\v2.41\pic\sources\c90\common\awmod.c
		___awmod       		CODE           	15B3	0000	91

C:\Program Files\Microchip\xc8\v2.41\pic\sources\c90\common\awmod.c estimated size: 91

main.c
		_main          		CODE           	1559	0000	90
		_init_config   		CODE           	131D	0000	58

main.c estimated size: 148

view_log.c
		_view_logs     		CODE           	0BAB	0000	200
		_view_log_events		CODE           	09AE	0000	134

view_log.c estimated size: 334

C:\Program Files\Microchip\xc8\v2.41\pic\sources\c90\common\llmod.c
		___llmod       		CODE           	14AB	0000	86

C:\Program Files\Microchip\xc8\v2.41\pic\sources\c90\common\llmod.c estimated size: 86

