Microchip MPLAB XC8 Compiler V2.41

Linker command line:

-W-3 \
  --edf=C:\Program Files\Microchip\xc8\v2.41\pic\dat\20230208172133_en.msgs \
  -cn -h+dist/default/production\Mc_project_password.X.production.sym \
  --cmf=dist/default/production\Mc_project_password.X.production.cmf -z \
  -Q16F877A -oC:\Users\Dell\AppData\Local\Temp\xcAs108.\driver_tmp_3.o \
  --defsym=__MPLAB_BUILD=1 --fixupoverflow=error \
  -Mdist/default/production/Mc_project_password.X.production.map \
  --md=C:\Users\Dell\AppData\Local\Temp\xcAs108.\driver_tmp_0.dat -E1 \
  -ver=XC8 Compiler --acfsm=1493 -ACODE=00h-07FFhx4 -ASTRCODE=00h-01FFFh \
  -ASTRING=00h-0FFhx32 -ACONST=00h-0FFhx32 -AENTRY=00h-0FFhx32 \
  -ACOMMON=070h-07Fh -ABANK0=020h-06Fh -ABANK1=0A0h-0EFh \
  -ABANK2=0110h-016Fh -ABANK3=0190h-01EFh \
  -ARAM=020h-06Fh,0A0h-0EFh,0110h-016Fh,0190h-01EFh \
  -AABS1=020h-07Fh,0A0h-0EFh,0110h-016Fh,0190h-01EFh -ASFR0=00h-01Fh \
  -ASFR1=080h-09Fh -ASFR2=0100h-010Fh -ASFR3=0180h-018Fh \
  -ACONFIG=02007h-02007h -DCONFIG=2 -AIDLOC=02000h-02003h -DIDLOC=2 \
  -AEEDATA=00h-0FFh/02100h -peeprom_data=EEDATA -DEEDATA=2 -DCODE=2 \
  -DSTRCODE=2 -DSTRING=2 -DCONST=2 -DENTRY=2 \
  -preset_vec=00h,intentry,init,end_init -ppowerup=CODE -pcinit=CODE \
  -pfunctab=ENTRY -k \
  C:\Users\Dell\AppData\Local\Temp\xcAs108.\driver_tmp_12.o \
  dist/default/production\Mc_project_password.X.production.o 

Object code version is 3.11

Machine type is 16F877A



                Name                               Link     Load   Length Selector   Space Scale
C:\Users\Dell\AppData\Local\Temp\xcAs108.\driver_tmp_12.o
                end_init                              0        0        3        0       0
                config                             2007     2007        1        0       4
                idloc                              2000     2000        4        0       5
dist/default/production\Mc_project_password.X.production.o
                cinit                               7D9      7D9       27      FB2       0
                config                             2007     2007        1        0       4
                idloc                              2000     2000        4        0       5
                text15                              5F8      5F8       20      BF0       0
                text14                              618      618       20      C30       0
                text13                              5B8      5B8        D      B70       0
                text12                              638      638       21      C70       0
                text11                              585      585        9      B0A       0
                text10                              58E      58E        9      B1C       0
                text9                               597      597        B      B2E       0
                text8                               5A2      5A2        B      B44       0
                text7                               659      659       2B      CB2       0
                text6                               5DA      5DA       1E      BB4       0
                text5                               6B6      6B6       57      D6C       0
                text4                               5AD      5AD        B      B5A       0
                text3                               70D      70D       66      E1A       0
                text2                               684      684       32      D08       0
                text1                               5C5      5C5       15      B8A       0
                maintext                            773      773       66      EE6       0
                cstackBANK0                          20       20       15       20       1
                cstackCOMMON                         70       70        E       70       1
                dataBANK0                            3A       3A        5       20       1
                bssBANK0                             35       35        5       20       1
                idataBANK0                          580      580        5      B00       0

TOTAL           Name                               Link     Load   Length     Space
        CLASS   CODE           
                end_init                              0        0        3         0
                cinit                               7D9      7D9       27         0
                text15                              5F8      5F8       20         0
                text14                              618      618       20         0
                text13                              5B8      5B8        D         0
                text12                              638      638       21         0
                text11                              585      585        9         0
                text10                              58E      58E        9         0
                text9                               597      597        B         0
                text8                               5A2      5A2        B         0
                text7                               659      659       2B         0
                text6                               5DA      5DA       1E         0
                text5                               6B6      6B6       57         0
                text4                               5AD      5AD        B         0
                text3                               70D      70D       66         0
                text2                               684      684       32         0
                text1                               5C5      5C5       15         0
                maintext                            773      773       66         0
                idataBANK0                          580      580        5         0

        CLASS   STRCODE        

        CLASS   STRING         

        CLASS   CONST          

        CLASS   ENTRY          

        CLASS   COMMON         
                cstackCOMMON                         70       70        E         1

        CLASS   BANK0          
                cstackBANK0                          20       20       15         1
                dataBANK0                            3A       3A        5         1
                bssBANK0                             35       35        5         1

        CLASS   BANK1          

        CLASS   BANK2          

        CLASS   BANK3          

        CLASS   RAM            

        CLASS   ABS1           
                abs_s1                               7E       7E        2         1

        CLASS   SFR0           

        CLASS   SFR1           

        CLASS   SFR2           

        CLASS   SFR3           

        CLASS   CONFIG         
                config                             2007     2007        1         4

        CLASS   IDLOC          
                idloc                              2000     2000        4         5

        CLASS   EEDATA         

        CLASS   STACK          



SEGMENTS        Name                           Load    Length   Top    Selector   Space  Class     Delta

                reset_vec                      000000  000003  000003         0       0  CODE        2
                cstackBANK0                    000020  00001F  00003F        20       1  BANK0       1
                cstackCOMMON                   000070  00000E  00007E        70       1  COMMON      1
                idataBANK0                     000580  000005  000585       B00       0  CODE        2
                text11                         000585  000009  00058E       B0A       0  CODE        2
                text10                         00058E  000009  000597       B1C       0  CODE        2
                text9                          000597  00000B  0005A2       B2E       0  CODE        2
                text8                          0005A2  00000B  0005AD       B44       0  CODE        2
                text4                          0005AD  00000B  0005B8       B5A       0  CODE        2
                text13                         0005B8  00000D  0005C5       B70       0  CODE        2
                text1                          0005C5  000015  0005DA       B8A       0  CODE        2
                text6                          0005DA  00001E  0005F8       BB4       0  CODE        2
                text15                         0005F8  000020  000618       BF0       0  CODE        2
                text14                         000618  000020  000638       C30       0  CODE        2
                text12                         000638  000021  000659       C70       0  CODE        2
                text7                          000659  00002B  000684       CB2       0  CODE        2
                text2                          000684  000032  0006B6       D08       0  CODE        2
                text5                          0006B6  000057  00070D       D6C       0  CODE        2
                text3                          00070D  000066  000773       E1A       0  CODE        2
                maintext                       000773  000066  0007D9       EE6       0  CODE        2
                cinit                          0007D9  000027  000800       FB2       0  CODE        2


UNUSED ADDRESS RANGES

        Name                Unused          Largest block    Delta
        BANK0            003F-006F             31           1
        BANK1            00A0-00EF             50           1
        BANK2            0110-016F             60           1
        BANK3            0190-01EF             60           1
        CODE             0003-057F            57D           2
                         0800-1FFF            800
        CONST            0003-057F            100           2
                         0800-1FFF            100
        EEDATA           2100-21FF            100           2
        ENTRY            0003-057F            100           2
                         0800-1FFF            100
        RAM              003F-006F             31           1
                         00A0-00EF             50
                         0110-016F             60
                         0190-01EF             60
        SFR0             0000-001F             20           1
        SFR1             0080-009F             20           1
        SFR2             0100-010F             10           1
        SFR3             0180-018F             10           1
        STRCODE          0003-057F            57D           2
                         0800-1FFF           1800
        STRING           0003-057F            100           2
                         0800-1FFF            100

                                  Symbol Table

?___lldiv                        cstackCOMMON 0070
_ACKDT                           (abs)        048D
_ACKEN                           (abs)        048C
_ACKSTAT                         (abs)        048E
_PEN                             (abs)        048A
_PORTD                           (abs)        0008
_RCEN                            (abs)        048B
_RE1                             (abs)        0049
_RE2                             (abs)        004A
_R_nW                            (abs)        04A2
_SEN                             (abs)        0488
_SSPADD                          (abs)        0093
_SSPBUF                          (abs)        0013
_SSPCON2                         (abs)        0091
_SSPEN                           (abs)        00A5
_SSPM3                           (abs)        00A3
_TRISD                           (abs)        0088
_TRISE1                          (abs)        0449
_TRISE2                          (abs)        044A
__H__absolute__                  __absolute__ 0000
__Habs1                          abs1         0000
__Hbank0                         bank0        0000
__Hbank1                         bank1        0000
__Hbank2                         bank2        0000
__Hbank3                         bank3        0000
__HbssBANK0                      bssBANK0     0000
__Hcinit                         cinit        0800
__Hclrtext                       clrtext      0000
__Hcode                          code         0000
__Hcommon                        common       0000
__Hconfig                        config       2008
__HcstackBANK0                   cstackBANK0  0000
__HcstackCOMMON                  cstackCOMMON 0000
__HdataBANK0                     dataBANK0    0000
__Heeprom_data                   eeprom_data  0000
__Hend_init                      end_init     0003
__Hfunctab                       functab      0000
__HidataBANK0                    idataBANK0   0000
__Hidloc                         idloc        2004
__Hinit                          init         0000
__Hintentry                      intentry     0000
__Hmaintext                      maintext     0000
__Hpowerup                       powerup      0000
__Hram                           ram          0000
__Hreset_vec                     reset_vec    0000
__Hsfr0                          sfr0         0000
__Hsfr1                          sfr1         0000
__Hsfr2                          sfr2         0000
__Hsfr3                          sfr3         0000
__Hspace_0                       (abs)        0800
__Hspace_1                       (abs)        007E
__Hspace_2                       (abs)        0000
__Hspace_3                       (abs)        0000
__Hspace_4                       (abs)        400F
__Hstack                         stack        0000
__Hstrings                       strings      0000
__Htext                          text         0000
__L__absolute__                  __absolute__ 0000
__Labs1                          abs1         0000
__Lbank0                         bank0        0000
__Lbank1                         bank1        0000
__Lbank2                         bank2        0000
__Lbank3                         bank3        0000
__LbssBANK0                      bssBANK0     0000
__Lcinit                         cinit        07D9
__Lclrtext                       clrtext      0000
__Lcode                          code         0000
__Lcommon                        common       0000
__Lconfig                        config       0000
__LcstackBANK0                   cstackBANK0  0000
__LcstackCOMMON                  cstackCOMMON 0000
__LdataBANK0                     dataBANK0    0000
__Leeprom_data                   eeprom_data  0000
__Lend_init                      end_init     0000
__Lfunctab                       functab      0000
__LidataBANK0                    idataBANK0   0000
__Lidloc                         idloc        0000
__Linit                          init         0000
__Lintentry                      intentry     0000
__Lmaintext                      maintext     0000
__Lpowerup                       powerup      0000
__Lram                           ram          0000
__Lreset_vec                     reset_vec    0000
__Lsfr0                          sfr0         0000
__Lsfr1                          sfr1         0000
__Lsfr2                          sfr2         0000
__Lsfr3                          sfr3         0000
__Lspace_0                       (abs)        0000
__Lspace_1                       (abs)        0000
__Lspace_2                       (abs)        0000
__Lspace_3                       (abs)        0000
__Lspace_4                       (abs)        0000
__Lstack                         stack        0000
__Lstrings                       strings      0000
__Ltext                          text         0000
__S0                             (abs)        0800
__S1                             (abs)        007E
__S3                             (abs)        0000
___int_sp                        stack        0000
___latbits                       (abs)        0002
___lldiv                         text3        070D
___lldiv@counter                 cstackCOMMON 007D
___lldiv@dividend                cstackCOMMON 0074
___lldiv@divisor                 cstackCOMMON 0070
___lldiv@quotient                cstackCOMMON 0079
___sp                            stack        0000
___stackhi                       (abs)        0000
___stacklo                       (abs)        0000
__end_of___lldiv                 text3        0773
__end_of__initialization         cinit        07FC
__end_of_clcd_print              text14       0638
__end_of_clcd_write              text15       0618
__end_of_ext_eeprom_read         text7        0684
__end_of_ext_eeprom_write        text6        05F8
__end_of_i2c_read                text12       0659
__end_of_i2c_rep_start           text9        05A2
__end_of_i2c_start               text11       058E
__end_of_i2c_stop                text10       0597
__end_of_i2c_wait_for_idle       text13       05C5
__end_of_i2c_write               text8        05AD
__end_of_init_clcd               text4        05B8
__end_of_init_config             text1        05DA
__end_of_init_display_controller text5        070D
__end_of_init_i2c                text2        06B6
__end_of_main                    maintext     07D9
__initialization                 cinit        07D9
__pbssBANK0                      bssBANK0     0035
__pcstackBANK0                   cstackBANK0  0020
__pcstackCOMMON                  cstackCOMMON 0070
__pdataBANK0                     dataBANK0    003A
__pidataBANK0                    idataBANK0   0580
__pmaintext                      maintext     0773
__ptext1                         text1        05C5
__ptext10                        text10       058E
__ptext11                        text11       0585
__ptext12                        text12       0638
__ptext13                        text13       05B8
__ptext14                        text14       0618
__ptext15                        text15       05F8
__ptext2                         text2        0684
__ptext3                         text3        070D
__ptext4                         text4        05AD
__ptext5                         text5        06B6
__ptext6                         text6        05DA
__ptext7                         text7        0659
__ptext8                         text8        05A2
__ptext9                         text9        0597
_clcd_print                      text14       0618
_clcd_write                      text15       05F8
_ext_eeprom_read                 text7        0659
_ext_eeprom_write                text6        05DA
_i2c_read                        text12       0638
_i2c_rep_start                   text9        0597
_i2c_start                       text11       0585
_i2c_stop                        text10       058E
_i2c_wait_for_idle               text13       05B8
_i2c_write                       text8        05A2
_init_clcd                       text4        05AD
_init_config                     text1        05C5
_init_display_controller         text5        06B6
_init_i2c                        text2        0684
_main                            maintext     0773
btemp                            (abs)        007E
clcd_print@addr                  cstackCOMMON 0074
clcd_print@str                   cstackCOMMON 0075
clcd_write@byte                  cstackCOMMON 0073
clcd_write@mode                  cstackCOMMON 0070
end_of_initialization            cinit        07FC
ext_eeprom_read@addr             cstackCOMMON 0072
ext_eeprom_read@data             cstackCOMMON 0073
ext_eeprom_write@addr            cstackCOMMON 0072
ext_eeprom_write@data            cstackCOMMON 0071
i2c_read@ack                     cstackCOMMON 0070
i2c_read@data                    cstackCOMMON 0071
i2c_write@data                   cstackCOMMON 0070
init_i2c@baud                    cstackBANK0  0020
intlevel0                        functab      0000
intlevel1                        functab      0000
intlevel2                        functab      0000
intlevel3                        functab      0000
intlevel4                        functab      0000
intlevel5                        functab      0000
main@F902                        dataBANK0    003A
main@i                           cstackBANK0  0033
main@i_80                        cstackBANK0  0034
main@str                         cstackBANK0  0032
main@test_psswd                  cstackBANK0  002D
main@user_passwd                 cstackBANK0  0028
reset_vec                        reset_vec    0000
start                            init         0000
start_initialization             cinit        07D9
wtemp0                           (abs)        007E


MODULE INFORMATION

Module		Function		Class		Link	Load	Size
C:\Program Files\Microchip\xc8\v2.41\pic\sources\c90\common\__lldiv.c
		___lldiv       		CODE           	070D	0000	102

C:\Program Files\Microchip\xc8\v2.41\pic\sources\c90\common\__lldiv.c estimated size: 102

i2c.c
		_i2c_start     		CODE           	0585	0000	9
		_i2c_rep_start 		CODE           	0597	0000	11
		_i2c_write     		CODE           	05A2	0000	11
		_i2c_stop      		CODE           	058E	0000	9
		_i2c_read      		CODE           	0638	0000	33
		_init_i2c      		CODE           	0684	0000	50
		_i2c_wait_for_idle		CODE           	05B8	0000	13

i2c.c estimated size: 136

shared
		__initialization		CODE           	07D9	0000	35

shared estimated size: 35

clcd.c
		_clcd_write    		CODE           	05F8	0000	32
		_clcd_print    		CODE           	0618	0000	32
		_init_display_controller		CODE           	06B6	0000	87
		_init_clcd     		CODE           	05AD	0000	11

clcd.c estimated size: 162

ext_eeprom.c
		_ext_eeprom_write		CODE           	05DA	0000	30
		_ext_eeprom_read		CODE           	0659	0000	43

ext_eeprom.c estimated size: 73

main.c
		_main          		CODE           	0773	0000	102
		_init_config   		CODE           	05C5	0000	21

main.c estimated size: 123

